<html>
<body>
<pre>
<h1>µVision Build Log</h1>
<h2>Tool Versions:</h2>
IDE-Version: ¦ÌVision V5.14.1
Copyright (C) 2015 ARM Ltd and ARM Germany GmbH. All rights reserved.
License Information: Cortex-M3, AAAA, LIC=LJWII-TSND4-WJ06K-ZWNET-EHBEK-X78BT
 
Tool Versions:
Toolchain:       MDK-ARM Professional  Version: 5.14.0.0
Toolchain Path:  C:\Keil_v5\ARM\ARMCC\Bin
C Compiler:      Armcc.exe V5.05 update 1 (build 106)
Assembler:       Armasm.exe V5.05 update 1 (build 106)
Linker/Locator:  ArmLink.exe V5.05 update 1 (build 106)
Library Manager: ArmAr.exe V5.05 update 1 (build 106)
Hex Converter:   FromElf.exe V5.05 update 1 (build 106)
CPU DLL:         SARMCM3.DLL V5.14.0.0
Dialog DLL:      DARMSTM.DLL V1.65.0.0
Target DLL:      STLink\ST-LINKIII-KEIL_SWO.dll V2.0.14.0_KEIL
Dialog DLL:      TARMSTM.DLL V1.64.0.0
 
<h2>Project:</h2>
D:\fuqiang\ODM\S(´ø¿¨ ´øÉÕÂ¼)20200806\RF_A Program v7.0(v4.0 broad)\Demo.uvproj
Project File Date:  09/02/2020

<h2>Output:</h2>
*** Using Compiler 'V5.05 update 1 (build 106)', folder: 'C:\Keil_v5\ARM\ARMCC\Bin'
Rebuild target 'Target 1'
compiling core_cm3.c...
compiling misc.c...
compiling stm32f10x_adc.c...
compiling stm32f10x_exti.c...
compiling stm32f10x_gpio.c...
compiling stm32f10x_it.c...
compiling stm32f10x_iwdg.c...
compiling stm32f10x_tim.c...
compiling stm32f10x_usart.c...
compiling system_stm32f10x.c...
assembling startup_stm32f10x_md.s...
compiling stm32f10x_rcc.c...
compiling stm32f10x_flash.c...
compiling delay.c...
compiling exti.c...
compiling key.c...
compiling led.c...
compiling main.c...
compiling sys.c...
compiling timer.c...
compiling usart.c...
compiling wdg.c...
compiling UserBaseLib.c...
compiling AppLib.c...
User_Src\AppLib.c(1171): warning:  #550-D: variable "BIO1TimeCnt2" was set but never used
        static u16 BIO1TimeCnt = 0, BIO1TimeCnt2 = 0;
User_Src\AppLib.c(278): warning:  #177-D: function "SuckTimeUpPres" was declared but never referenced
  static void SuckTimeUpPres(void)
User_Src\AppLib.c(286): warning:  #177-D: function "SuckTimeDownPres" was declared but never referenced
  static void SuckTimeDownPres(void)
User_Src\AppLib.c(294): warning:  #177-D: function "ReleaseTimeUpPres" was declared but never referenced
  static void ReleaseTimeUpPres(void)
User_Src\AppLib.c(302): warning:  #177-D: function "ReleaseTimeDownPres" was declared but never referenced
  static void ReleaseTimeDownPres(void)
User_Src\AppLib.c(912): warning:  #177-D: function "TemperatureProcess" was declared but never referenced
  static void TemperatureProcess(void)
User_Src\AppLib.c: 6 warnings, 0 errors
compiling adc.c...
compiling stmflash.c...
compiling CardBurn.c...
compiling dwDriver.c...
compiling NRK10.c...
compiling 24cxx.c...
compiling myiic.c...
linking...
Program Size: Code=16948 RO-data=484 RW-data=168 ZI-data=3152  
FromELF: creating hex file...
".\Objects\Demo.axf" - 0 Error(s), 6 Warning(s).
</pre>
</body>
</html>
